
 tonigy

 Start     Length     Name                   Class
 0001:0000 01B76H     TONIGY_TEXT            CODE
 0001:1B78 0031EH     CODE                   CODE
 0002:0000 0002CH     _DATA                  DATA
 0002:002C 00000H     CONST                  CONST
 0002:002C 00000H     _BSS                   BSS
 0002:0030 00032H     c_common               BSS

 Origin   Group
 0002:0   DGROUP

 Address   Export                  Alias

 0001:068C FS_ALLOCATEPAGESPACE    FS_ALLOCATEPAGESPACE
 0001:07D2 FS_ATTACH               FS_ATTACH
 0002:0008 FS_ATTRIBUTE            FS_ATTRIBUTE
 0001:069A FS_CANCELLOCKREQUEST    FS_CANCELLOCKREQUEST
 0001:0992 FS_CHDIR                FS_CHDIR
 0001:0A82 FS_CHGFILEPTR           FS_CHGFILEPTR
 0001:0B74 FS_CLOSE                FS_CLOSE
 0001:06A8 FS_COMMIT               FS_COMMIT
 0001:06B4 FS_COPY                 FS_COPY
 0001:0C16 FS_DELETE               FS_DELETE
 0001:06C2 FS_DOPAGEIO             FS_DOPAGEIO
 0001:0CE6 FS_EXIT                 FS_EXIT
 0001:0D0A FS_FILEATTRIBUTE        FS_FILEATTRIBUTE
 0001:0E04 FS_FILEINFO             FS_FILEINFO
 0001:06D0 FS_FILEIO               FS_FILEIO
 0001:06DE FS_FILELOCKS            FS_FILELOCKS
 0001:0F4A FS_FINDCLOSE            FS_FINDCLOSE
 0001:0FE4 FS_FINDFIRST            FS_FINDFIRST
 0001:11A8 FS_FINDFROMNAME         FS_FINDFROMNAME
 0001:12EE FS_FINDNEXT             FS_FINDNEXT
 0001:0708 FS_FINDNOTIFYCLOSE      FS_FINDNOTIFYCLOSE
 0001:06EC FS_FINDNOTIFYFIRST      FS_FINDNOTIFYFIRST
 0001:06FA FS_FINDNOTIFYNEXT       FS_FINDNOTIFYNEXT
 0001:0716 FS_FLUSHBUF             FS_FLUSHBUF
 0001:1426 FS_FSCTL                FS_FSCTL
 0001:163A FS_FSINFO               FS_FSINFO
 0001:1730 FS_INIT                 FS_INIT
 0001:0722 FS_IOCTL                FS_IOCTL
 0001:072E FS_MKDIR                FS_MKDIR
 0001:073C FS_MOUNT                FS_MOUNT
 0001:074A FS_MOVE                 FS_MOVE
 0002:0000 FS_NAME                 FS_NAME
 0001:0758 FS_NEWSIZE              FS_NEWSIZE
 0001:0766 FS_NMPIPE               FS_NMPIPE
 0001:178C FS_OPENCREATE           FS_OPENCREATE
 0001:0774 FS_OPENPAGEFILE         FS_OPENPAGEFILE
 0001:18F2 FS_PATHINFO             FS_PATHINFO
 0001:0782 FS_PROCESSNAME          FS_PROCESSNAME
 0001:1A44 FS_READ                 FS_READ
 0001:078E FS_RMDIR                FS_RMDIR
 0001:079C FS_SETSWAP              FS_SETSWAP
 0001:07AA FS_SHUTDOWN             FS_SHUTDOWN
 0001:07C4 FS_VERIFYUNCNAME        FS_VERIFYUNCNAME
 0001:07B6 FS_WRITE                FS_WRITE

  Address         Publics by Name

 0001:1B78       DEVHELP_ALLOCGDTSELECTOR
 0001:1B9F       DevHelp_FreeGDTSelector
 0001:1DB5       DEVHELP_LINTOGDTSELECTOR
 0001:1CFB       DevHelp_LinToPageList
 0001:1D7A       DevHelp_PageListToGDTSelector
 0001:1D3C       DevHelp_PageListToLin
 0001:1C04       DevHelp_PhysToGDTSel
 0001:1BD7       DevHelp_PhysToGDTSelector
 0001:1CC0       DEVHELP_VIRTTOLIN
 0001:1C38       DEVHELP_VMLOCK
 0001:1C87       DEVHELP_VMUNLOCK
 0001:1DE4       DHRET_0
 0001:1E26       DHRET_10
 0001:1E34       DHRET_12
 0001:1E42       DHRET_14
 0001:1E50       DHRET_16
 0001:1E5E       DHRET_18
 0001:1DEE       DHRET_2
 0001:1E6C       DHRET_20
 0001:1E7A       DHRET_22
 0001:1E88       DHRET_24
 0001:1DFC       DHRET_4
 0001:1E0A       DHRET_6
 0001:1E18       DHRET_8
 0000:0000  Imp  DOS16PUTMESSAGE      (MSG.1)
 0000:0000  Imp  FSH_GETVOLPARM       (FSHELPER.14)
 0000:0000  Imp  FSH_PROBEBUF         (FSHELPER.8)
 0000:0000  Imp  FSH_QSYSINFO         (FSHELPER.44)
 0000:0000  Imp  FSH_SEMCLEAR         (FSHELPER.7)
 0000:0000  Imp  FSH_SEMREQUEST       (FSHELPER.6)
 0000:0000  Imp  FSH_SEMSET           (FSHELPER.24)
 0000:0000  Imp  FSH_SEMWAIT          (FSHELPER.26)
 0001:068C       FS_ALLOCATEPAGESPACE
 0001:07D2       FS_ATTACH
 0002:0008       FS_ATTRIBUTE
 0001:069A       FS_CANCELLOCKREQUEST
 0001:0992       FS_CHDIR
 0001:0A82       FS_CHGFILEPTR
 0001:0B74       FS_CLOSE
 0001:06A8       FS_COMMIT
 0001:06B4       FS_COPY
 0001:0C16       FS_DELETE
 0001:06C2       FS_DOPAGEIO
 0001:0CE6       FS_EXIT
 0001:0D0A       FS_FILEATTRIBUTE
 0001:0E04       FS_FILEINFO
 0001:06D0       FS_FILEIO
 0001:06DE       FS_FILELOCKS
 0001:0F4A       FS_FINDCLOSE
 0001:0FE4       FS_FINDFIRST
 0001:11A8       FS_FINDFROMNAME
 0001:12EE       FS_FINDNEXT
 0001:0708       FS_FINDNOTIFYCLOSE
 0001:06EC       FS_FINDNOTIFYFIRST
 0001:06FA       FS_FINDNOTIFYNEXT
 0001:0716       FS_FLUSHBUF
 0001:1426       FS_FSCTL
 0001:163A       FS_FSINFO
 0001:1730       FS_INIT
 0001:0722       FS_IOCTL
 0001:072E       FS_MKDIR
 0001:073C       FS_MOUNT
 0001:074A       FS_MOVE
 0002:0000       FS_NAME
 0001:0758       FS_NEWSIZE
 0001:0766       FS_NMPIPE
 0001:178C       FS_OPENCREATE
 0001:0774       FS_OPENPAGEFILE
 0001:18F2       FS_PATHINFO
 0001:0782       FS_PROCESSNAME
 0001:1A44       FS_READ
 0001:078E       FS_RMDIR
 0001:079C       FS_SETSWAP
 0001:07AA       FS_SHUTDOWN
 0001:07C4       FS_VERIFYUNCNAME
 0001:07B6       FS_WRITE
 0002:0056       _Device_Help
 0002:0034       _FSData
 0002:003E       _Lock
 0002:0038       _PidAgent
 0002:005E       _Request
 0002:003A       _semRqAvail
 0002:0030       _semRqDone
 0002:005A       _semSerialize
 0001:0634       _UndoFindFirst

  Address         Publics by Value

 0000:0000  Imp  DOS16PUTMESSAGE      (MSG.1)
 0000:0000  Imp  FSH_SEMWAIT          (FSHELPER.26)
 0000:0000  Imp  FSH_SEMSET           (FSHELPER.24)
 0000:0000  Imp  FSH_QSYSINFO         (FSHELPER.44)
 0000:0000  Imp  FSH_SEMREQUEST       (FSHELPER.6)
 0000:0000  Imp  FSH_GETVOLPARM       (FSHELPER.14)
 0000:0000  Imp  FSH_PROBEBUF         (FSHELPER.8)
 0000:0000  Imp  FSH_SEMCLEAR         (FSHELPER.7)
 0001:0634       _UndoFindFirst
 0001:068C       FS_ALLOCATEPAGESPACE
 0001:069A       FS_CANCELLOCKREQUEST
 0001:06A8       FS_COMMIT
 0001:06B4       FS_COPY
 0001:06C2       FS_DOPAGEIO
 0001:06D0       FS_FILEIO
 0001:06DE       FS_FILELOCKS
 0001:06EC       FS_FINDNOTIFYFIRST
 0001:06FA       FS_FINDNOTIFYNEXT
 0001:0708       FS_FINDNOTIFYCLOSE
 0001:0716       FS_FLUSHBUF
 0001:0722       FS_IOCTL
 0001:072E       FS_MKDIR
 0001:073C       FS_MOUNT
 0001:074A       FS_MOVE
 0001:0758       FS_NEWSIZE
 0001:0766       FS_NMPIPE
 0001:0774       FS_OPENPAGEFILE
 0001:0782       FS_PROCESSNAME
 0001:078E       FS_RMDIR
 0001:079C       FS_SETSWAP
 0001:07AA       FS_SHUTDOWN
 0001:07B6       FS_WRITE
 0001:07C4       FS_VERIFYUNCNAME
 0001:07D2       FS_ATTACH
 0001:0992       FS_CHDIR
 0001:0A82       FS_CHGFILEPTR
 0001:0B74       FS_CLOSE
 0001:0C16       FS_DELETE
 0001:0CE6       FS_EXIT
 0001:0D0A       FS_FILEATTRIBUTE
 0001:0E04       FS_FILEINFO
 0001:0F4A       FS_FINDCLOSE
 0001:0FE4       FS_FINDFIRST
 0001:11A8       FS_FINDFROMNAME
 0001:12EE       FS_FINDNEXT
 0001:1426       FS_FSCTL
 0001:163A       FS_FSINFO
 0001:1730       FS_INIT
 0001:178C       FS_OPENCREATE
 0001:18F2       FS_PATHINFO
 0001:1A44       FS_READ
 0001:1B78       DEVHELP_ALLOCGDTSELECTOR
 0001:1B9F       DevHelp_FreeGDTSelector
 0001:1BD7       DevHelp_PhysToGDTSelector
 0001:1C04       DevHelp_PhysToGDTSel
 0001:1C38       DEVHELP_VMLOCK
 0001:1C87       DEVHELP_VMUNLOCK
 0001:1CC0       DEVHELP_VIRTTOLIN
 0001:1CFB       DevHelp_LinToPageList
 0001:1D3C       DevHelp_PageListToLin
 0001:1D7A       DevHelp_PageListToGDTSelector
 0001:1DB5       DEVHELP_LINTOGDTSELECTOR
 0001:1DE4       DHRET_0
 0001:1DEE       DHRET_2
 0001:1DFC       DHRET_4
 0001:1E0A       DHRET_6
 0001:1E18       DHRET_8
 0001:1E26       DHRET_10
 0001:1E34       DHRET_12
 0001:1E42       DHRET_14
 0001:1E50       DHRET_16
 0001:1E5E       DHRET_18
 0001:1E6C       DHRET_20
 0001:1E7A       DHRET_22
 0001:1E88       DHRET_24
 0002:0000       FS_NAME
 0002:0008       FS_ATTRIBUTE
 0002:0030       _semRqDone
 0002:0034       _FSData
 0002:0038       _PidAgent
 0002:003A       _semRqAvail
 0002:003E       _Lock
 0002:0056       _Device_Help
 0002:005A       _semSerialize
 0002:005E       _Request
